TOOL:	xrun(64)	24.09-s005: Started on Nov 07, 2025 at 13:04:52 CET
xrun
	-compile
	-l xrun_compile.log
	-F ../tb/tb.f
		../../common/simple_uart_switch.sv
		switch_tb_pkg.svh
		simple_uart_switch_tb.sv
		coverage.sv
		scoreboard.sv
		switch_bfm.sv
		tbgen.sv
	-v93
	+nowarnDSEM2009
	+nowarnDSEMEL
	+nowarnCGDEFN
	+nowarnCOVUTA
	+nowarnBADPRF
	+nowarnXCLGNOPTM
	+nowarnRNDXCELON
	+nowarnSAWSTP
	-xmlibdirname INCA_libs
	+overwrite
	-nocopyright
	-coverage all
	-covoverwrite
	-covfile xrun_covfile.txt
file: ../tb/../../common/simple_uart_switch.sv
	module worklib.simple_switch_uart:sv
		errors: 0, warnings: 0
file: ../tb/switch_tb_pkg.svh
	package worklib.switch_tb_pkg:svh
		errors: 0, warnings: 0
file: ../tb/simple_uart_switch_tb.sv
	module worklib.top:sv
		errors: 0, warnings: 0
file: ../tb/coverage.sv
	module worklib.coverage:sv
		errors: 0, warnings: 0
file: ../tb/scoreboard.sv
	module worklib.scoreboard:sv
		errors: 0, warnings: 0
file: ../tb/switch_bfm.sv
	interface worklib.switch_bfm:sv
		errors: 0, warnings: 0
file: ../tb/tbgen.sv
	module worklib.tbgen:sv
		errors: 0, warnings: 0
TOOL:	xrun(64)	24.09-s005: Exiting on Nov 07, 2025 at 13:04:52 CET  (total: 00:00:00)
