TOOL:	xrun(64)	24.09-s005: Started on Nov 07, 2025 at 13:04:52 CET
xrun
	-elaborate
	-l xrun_elaborate.log
	-F ../tb/tb.f
		../../common/simple_uart_switch.sv
		switch_tb_pkg.svh
		simple_uart_switch_tb.sv
		coverage.sv
		scoreboard.sv
		switch_bfm.sv
		tbgen.sv
	-v93
	+nowarnDSEM2009
	+nowarnDSEMEL
	+nowarnCGDEFN
	+nowarnCOVUTA
	+nowarnBADPRF
	+nowarnXCLGNOPTM
	+nowarnRNDXCELON
	+nowarnSAWSTP
	-xmlibdirname INCA_libs
	+overwrite
	-nocopyright
	-coverage all
	-covoverwrite
	-covfile xrun_covfile.txt
		Caching library 'worklib' ....... Done
	Elaborating the design hierarchy:
	Top level design units:
		switch_tb_pkg
		top
                        bfm.test_result=TEST_FAILED;
                                      |
xmelab: *E,CUVUNF (../tb/scoreboard.sv,156|38): Hierarchical name component lookup failed for 'test_result' at 'top.scoreboard_i'.
            bfm.test_result=TEST_FAILED;
                          |
xmelab: *E,CUVUNF (../tb/scoreboard.sv,242|26): Hierarchical name component lookup failed for 'test_result' at 'top.scoreboard_i'.
        print_test_result(bfm.test_result);
                                        |
xmelab: *E,CUVUNF (../tb/scoreboard.sv,244|40): Hierarchical name component lookup failed for 'test_result' at 'top.scoreboard_i'.
xrun: *E,ELBERR: Error (*E) or soft error (*SE) occurred during elaboration (status 1), exiting.
TOOL:	xrun(64)	24.09-s005: Exiting on Nov 07, 2025 at 13:04:53 CET  (total: 00:00:01)
