*** Start analyzing build configuration ***
INFO: Auto-config - Scanning: /student/glis/Downloads/projekt_verification
INFO: Auto-config - VLOG: /student/glis/Downloads/projekt_verification
INFO: Auto-config - VHDL: /student/glis/Downloads/projekt_verification
INFO: Auto-config - Wrote:
    .dvt/default.build.auto.1
*** List of included argument files ***
    Build configuration file:  /student/glis/Downloads/projekt_verification/.dvt/default.build
    -f /home/student/glis/Downloads/projekt_verification/.dvt/default.build.auto.1
*** List of invocations ***
Invocation #1 +dvt_init+dvt in /home/student/glis/Downloads/projekt_verification/.dvt/default.build.auto.1 at line 9
*** Done analyzing build configuration [284 ms] ***
*** Start VHDL build ***
Total number of lines [0]
Performing post full build step 1 (VHDL - RU) [7 ms] ...
*** Done VHDL build [524 ms] ***
*** Start SystemVerilog build ***
*** Invocation #1***
Loading (1) /student/glis/Downloads/projekt_verification/common/simple_uart_switch.sv ...
Done /student/glis/Downloads/projekt_verification/common/simple_uart_switch.sv [172 ms, 175 lines, SystemVerilog_2012] ...
Loading (2) /student/glis/Downloads/projekt_verification/common/tinyalu/three_cycle.sv ...
Done /student/glis/Downloads/projekt_verification/common/tinyalu/three_cycle.sv [14 ms, 49 lines, SystemVerilog_2012] ...
Loading (3) /student/glis/Downloads/projekt_verification/lab01/tb/simple_uart_switch_tb.sv ...
Done /student/glis/Downloads/projekt_verification/lab01/tb/simple_uart_switch_tb.sv [31 ms, 256 lines, SystemVerilog_2012] ...
Loading (4) /student/glis/Downloads/projekt_verification/common/tinyalu/tinyalu_pkg.sv ...
Done /student/glis/Downloads/projekt_verification/common/tinyalu/tinyalu_pkg.sv [2 ms, 29 lines, SystemVerilog_2012] ...
Loading (5) /student/glis/Downloads/projekt_verification/common/tinyalu/tinyalu.sv ...
Done /student/glis/Downloads/projekt_verification/common/tinyalu/tinyalu.sv [4 ms, 70 lines, SystemVerilog_2012] ...
Loading (6) /student/glis/Downloads/projekt_verification/common/tinyalu/single_cycle.sv ...
Done /student/glis/Downloads/projekt_verification/common/tinyalu/single_cycle.sv [3 ms, 58 lines, SystemVerilog_2012] ...
*** Done invocation #1 [60 ms] ***
*** Total number of lines [637] ***
Performing post full build actions ...
Performing post full build step 1 (SRI) [1 ms] ...
Performing post full build step 2 (RI) [1 ms] ...
Performing post full build step 3 (RCP) [1 ms] ...
*** Done SystemVerilog build [237 ms] ***
*** Start mixed mode extension build ***
Performing mixed post full build step (VHDL - RU) [4 ms] ...
Performing mixed post full build step (VHDL - RT) [51 ms] ...
Performing mixed post full build step (VHDL - RD) [4 ms] ...
Performing mixed post full build step (VHDL - FSC) [110 ms] ...
Performing mixed post full build step (VLOG - RI) [1 ms] ...
*** Warning: UNSPECIFIED_TOP: Please specify a -top module/entity/configuration in the project build file
*** Top design candidates: work.top, work.tinyalu
Performing mixed post full build step (MIXED - ELAB) [292 ms] ...
Performing mixed post full build step (MIXED - UNEL) [52 ms] ...
Performing mixed post full build step (VHDL - ELPC) [0 ms] ...
Performing mixed post full build step (VHDL - US) [0 ms] ...
Performing mixed post full build step (VHDL - USBD) [51 ms] ...
Performing mixed post full build step (VLOG - RD) [7 ms] ...
Performing mixed post full build step (VLOG - FSC) [51 ms] ...
Performing mixed post full build step (VLOG - EV) [51 ms] ...
Performing mixed post full build step (VLOG - ELPC) [2 ms] ...
Performing mixed post full build step (VLOG - US) [50 ms] ...
*** Warning: SIGNAL_NEVER_USED: Signal 'clk' is never used
    at line 26 in /student/glis/Downloads/projekt_verification/common/simple_uart_switch.sv [compile index 1]
*** Warning: SIGNAL_NEVER_USED: Signal 'rst_n' is never used
    at line 27 in /student/glis/Downloads/projekt_verification/common/simple_uart_switch.sv [compile index 1]
*** Warning: SIGNAL_NEVER_USED: Signal 'prog' is never used
    at line 28 in /student/glis/Downloads/projekt_verification/common/simple_uart_switch.sv [compile index 1]
*** Warning: SIGNAL_NEVER_USED: Signal 'sin' is never used
    at line 29 in /student/glis/Downloads/projekt_verification/common/simple_uart_switch.sv [compile index 1]
*** Warning: SIGNAL_NEVER_USED: Signal 'sout0' is never used
    at line 30 in /student/glis/Downloads/projekt_verification/common/simple_uart_switch.sv [compile index 1]
*** Warning: SIGNAL_NEVER_USED: Signal 'sout1' is never used
    at line 31 in /student/glis/Downloads/projekt_verification/common/simple_uart_switch.sv [compile index 1]
*** Warning: PARAMETER_NEVER_USED: Parameter 'CLKS_PER_BIT' is never used
    at line 34 in /student/glis/Downloads/projekt_verification/common/simple_uart_switch.sv [compile index 1]
*** Done mixed mode extension build [737 ms] ***
*** Total build time [1s.788ms] ***
