TOOL:	xrun(64)	24.09-s005: Started on Nov 14, 2025 at 14:06:50 CET
xrun
	-elaborate
	-l xrun_elaborate.log
	-F ../tb/tb.f
		lab04_part1.sv
	-v93
	+nowarnDSEM2009
	+nowarnDSEMEL
	+nowarnCGDEFN
	+nowarnCOVUTA
	+nowarnBADPRF
	+nowarnXCLGNOPTM
	+nowarnRNDXCELON
	+nowarnSAWSTP
	-xmlibdirname INCA_libs
	+overwrite
	-nocopyright
	-coverage all
	-covoverwrite
	-covfile xrun_covfile.txt
		Caching library 'worklib' ....... Done
	Elaborating the design hierarchy:
	Top level design units:
		$unit_0x222e60d2
		top

	Extracting FSMs for coverage:
		worklib.top
	Total FSMs extracted = 0
	Building instance overlay tables: .................... Done
	Enabling instrumentation for coverage types: block expression FSM toggle functional
	Generating native compiled code:
		worklib.top:sv <0x3cec8201>
			streams:  40, words: 28684
		worklib.\$unit_0x222e60d2 :compilation_unit <0x653bd20f>
			streams:  44, words: 31616
	Building instance specific data structures.
	Performing constant object marking (COM) analysis.
	Loading native compiled code:     .................... Done
	Design hierarchy summary:
		                     Instances  Unique
		Modules:                     1       1
		Registers:                 102      83
		Initial blocks:              3       3
		Compilation units:           1       1
		SV Class declarations:       7       7
		SV Class specializations:   10      10
	Writing initial simulation snapshot: worklib.top:sv
TOOL:	xrun(64)	24.09-s005: Exiting on Nov 14, 2025 at 14:06:50 CET  (total: 00:00:00)
