TOOL:	xrun(64)	24.09-s005: Started on Nov 26, 2025 at 23:52:27 CET
xrun
	-compile
	-l xrun_compile.log
	-F ../tb/tb.f
		switch_tb_pkg.svh
		switch_bfm.sv
		../../common/simple_uart_switch.sv
		top.sv
		+incdir+tb_classes
		+incdir+.
		+nowarn+DSEMEL
		-uvm
		-uvmhome /eda/cadence/2024-25/RHELx86/XCELIUM_24.09.005/tools/methodology/UVM/CDNS-1.2/sv
		+UVM_NO_RELNOTES
		+UVM_VERBOSITY=MEDIUM
		-linedebug
		-fsmdebug
		-uvmlinedebug
	-v93
	+nowarnDSEM2009
	+nowarnDSEMEL
	+nowarnCGDEFN
	+nowarnCOVUTA
	+nowarnBADPRF
	+nowarnXCLGNOPTM
	+nowarnRNDXCELON
	+nowarnSAWSTP
	-xmlibdirname INCA_libs
	+overwrite
	-nocopyright
	-coverage all
	-covoverwrite
	-covfile xrun_covfile.txt

   User defined plus("+") options:
	+UVM_NO_RELNOTES
	+UVM_VERBOSITY=MEDIUM

Compiling UVM packages (uvm_pkg.sv cdns_uvm_pkg.sv) using uvmhome location /eda/cadence/2024-25/RHELx86/XCELIUM_24.09.005/tools/methodology/UVM/CDNS-1.2/sv
file: ../tb/switch_tb_pkg.svh
endclass : add_tpgen
                   |
xmvlog: *W,LBLMAT (../tb/tb_classes/minmax_tpgen.svh,44|19): Label/name mismatch: minmax_tpgen - add_tpgen.
(`include file: ../tb/tb_classes/minmax_tpgen.svh line 44, file: ../tb/switch_tb_pkg.svh line 41)
	package worklib.switch_tb_pkg:svh
		errors: 0, warnings: 1
file: ../tb/switch_bfm.sv
	interface worklib.switch_bfm:sv
		errors: 0, warnings: 0
file: ../tb/../../common/simple_uart_switch.sv
	module worklib.simple_switch_uart:sv
		errors: 0, warnings: 0
file: ../tb/top.sv
	module worklib.top:sv
		errors: 0, warnings: 0
TOOL:	xrun(64)	24.09-s005: Exiting on Nov 26, 2025 at 23:52:29 CET  (total: 00:00:02)
