TOOL:	xrun(64)	24.09-s005: Started on Nov 26, 2025 at 23:52:29 CET
xrun
	-elaborate
	-l xrun_elaborate.log
	-F ../tb/tb.f
		switch_tb_pkg.svh
		switch_bfm.sv
		../../common/simple_uart_switch.sv
		top.sv
		+incdir+tb_classes
		+incdir+.
		+nowarn+DSEMEL
		-uvm
		-uvmhome /eda/cadence/2024-25/RHELx86/XCELIUM_24.09.005/tools/methodology/UVM/CDNS-1.2/sv
		+UVM_NO_RELNOTES
		+UVM_VERBOSITY=MEDIUM
		-linedebug
		-fsmdebug
		-uvmlinedebug
	-v93
	+nowarnDSEM2009
	+nowarnDSEMEL
	+nowarnCGDEFN
	+nowarnCOVUTA
	+nowarnBADPRF
	+nowarnXCLGNOPTM
	+nowarnRNDXCELON
	+nowarnSAWSTP
	-xmlibdirname INCA_libs
	+overwrite
	-nocopyright
	-coverage all
	-covoverwrite
	-covfile xrun_covfile.txt

   User defined plus("+") options:
	+UVM_NO_RELNOTES
	+UVM_VERBOSITY=MEDIUM

		Caching library 'worklib' ....... Done
	Elaborating the design hierarchy:
	Top level design units:
		uvm_pkg
		cdns_uvmapi
		cdns_assert2uvm_pkg
		cdns_uvm_pkg
		switch_tb_pkg
		top

	Extracting FSMs for coverage:
		worklib.top
	Total FSMs extracted = 0
	Building instance overlay tables: .................... Done
	Enabling instrumentation for coverage types: block expression FSM toggle functional
	Generating native compiled code:
		worklib.simple_switch_uart:sv <0x4a3810d3>
			streams:  33, words: 32354
		worklib.top:sv <0x5f027874>
			streams: 314, words: 590357
		worklib.cdns_uvm_pkg:sv <0x5a1a02dc>
			streams: 251, words: 571997
		worklib.cdns_uvmapi:svp <0x6bc45e65>
			streams:  27, words: 46845
		worklib.cdns_assert2uvm_pkg:sv <0x28ee89b4>
			streams:   3, words:  3354
		worklib.uvm_pkg:sv <0x393bf8aa>
			streams: 6288, words: 15612344
		worklib.switch_bfm:sv <0x50eed419>
			streams:   2, words:  5654
	Building instance specific data structures.
	Performing constant object marking (COM) analysis.
	Loading native compiled code:     .................... Done
	Design hierarchy summary:
		                        Instances  Unique
		Modules:                        2       2
		Interfaces:                     1       1
		Verilog packages:               5       5
		Registers:                 15,899  11,693
		Scalar wires:                  10       -
		Named events:                   4      12
		Always blocks:                  3       3
		Initial blocks:               323     165
		Parallel blocks:               28      29
		Cont. assignments:              2       2
		Pseudo assignments:             6       -
		Assertions:                     3       3
		Covergroup Instances:           0       1
		SV Class declarations:        233     349
		SV Class specializations:     420     420
	Writing initial simulation snapshot: worklib.top:sv
TOOL:	xrun(64)	24.09-s005: Exiting on Nov 26, 2025 at 23:52:34 CET  (total: 00:00:05)
