TOOL:	xrun(64)	24.09-s005: Started on Nov 14, 2025 at 13:41:06 CET
xrun
	-elaborate
	-l xrun_elaborate.log
	-F ../tb/tb.f
		../../common/simple_uart_switch.sv
		switch_tb_pkg.svh
		switch_bfm.sv
		top.sv
		+incdir+tb_classes
		+incdir+.
		+nowarn+DSEMEL
		-timescale 1ns/1ps
	-v93
	+nowarnDSEM2009
	+nowarnDSEMEL
	+nowarnCGDEFN
	+nowarnCOVUTA
	+nowarnBADPRF
	+nowarnXCLGNOPTM
	+nowarnRNDXCELON
	+nowarnSAWSTP
	-xmlibdirname INCA_libs
	+overwrite
	-nocopyright
	-coverage all
	-covoverwrite
	-covfile xrun_covfile.txt
		Caching library 'worklib' ....... Done
	Elaborating the design hierarchy:
	Top level design units:
		switch_tb_pkg
		top

	Extracting FSMs for coverage:
		worklib.top
	Total FSMs extracted = 0
	Building instance overlay tables: .................... Done
	Enabling instrumentation for coverage types: block expression FSM toggle functional
	Generating native compiled code:
		worklib.simple_switch_uart:sv <0x137c91b5>
			streams:  13, words: 15555
		worklib.top:sv <0x5d1e9e84>
			streams:   7, words:  2460
		worklib.switch_tb_pkg:svh <0x1fd9aba8>
			streams:  52, words: 119318
		worklib.switch_bfm:sv <0x27ee5042>
			streams:   2, words:  3737
	Building instance specific data structures.
	Performing constant object marking (COM) analysis.
	Loading native compiled code:     .................... Done
	Design hierarchy summary:
		                     Instances  Unique
		Modules:                     2       2
		Interfaces:                  1       1
		Verilog packages:            1       1
		Registers:                  83     111
		Scalar wires:               10       -
		Always blocks:               3       3
		Initial blocks:              2       2
		Parallel blocks:             2       2
		Cont. assignments:           1       2
		Pseudo assignments:          6       -
		Covergroup Instances:        0       1
		SV Class declarations:       4       4
		SV Class specializations:    4       4
		Simulation timescale:      1ps
	Writing initial simulation snapshot: worklib.top:sv
TOOL:	xrun(64)	24.09-s005: Exiting on Nov 14, 2025 at 13:41:06 CET  (total: 00:00:00)
